MAP_ID 1
PORTALS 2,3,4
NPCS 1,0,2,3

#flag 1: main quest taken
#flag 2: uranium quest taken
#flag 3: wire quest taken
#flag 4: music quest taken
#flag 5: uranium found
#flag 6: wire found
#flag 7: music found
#flag 8: uranium quest completed
#flag 9: wire quest completed
#flag 10: music quest completed
#flag 11: note found

#Orber##########################################################################
NPC 1 PORTRAIT 0

#0
NODE req:0 \*The little, sphere-shaped robot twitches to life and starts speaking. It doesn't seem to want to move despite having the capability to do so.\_
CHOICE req:0 set:0 goto:1 \*<Talk>\_
CHOICE req:0 set:0 goto:-1 \*<Walk away>\_

#1
NODE req:1F \RH-hello human! We haven't had anyone here in what feels like decades. I'm sorry that I welcome you in this state, I cannot afford to move; \!even speaking is risky.\_ \RBut we need your help, so this is worth it. We ah, hmmm.... well, we are running out of power and can't afford to waste any. \!And our generator is broken.\_ \RIt used to power us and the whole city! Our knowledge is limited and we don't have enough energy left to even try moving. Would you help us?\_
CHOICE req:0 set:0 goto:2 \!Hell no!\_ This whole place is creeping me out and I don't trust you! I'm getting out of here.
CHOICE req:0 set:0 goto:3 The state of this place seems to make your story convincing. Sure, what do you need from me?

#2
NODE req:1F \*You escaped the \?mysterious robot town\_, \*never wishing to see it ever again. But your curiosity as an adventurer has eaten you up ever since, and you decide to return to these caves to explore this \?mysterious robot society\_ \*once again.\_
CHOICE req:0 set:0x05000000 goto:-1 \*<Leave>\_
#exit game

#3
NODE req:1F \RThank you! We are so grateful! Just talk to three of my friends. They all have a task each for you, they know better what to do.\_
CHOICE req:0 set:0x01010000 goto:-1 Ok, I will...
#flag 1: main quest taken

#4
NODE req:0x01000000 \RDid you do it yet? You should talk to all of my friends, they should know you're coming to help.\_
CHOICE req:0 set:0 goto:-1 I will do so.
CHOICE req:0x0108090A set:0 goto:5 I'm here, I got all these parts you needed.
#all quests completed

#5, all quests completed
NODE req:0x1F \RPerfect, that is all we need, now please, finish and activate the machine. We have been waiting for\_ \?so long\_\R, desperately clinging onto hope that someone will find this place and help us finish this.\_
CHOICE req:0 set:0x08050000 goto:-1 \PSure thing...\_ \*<Continue>\_
#load map 5

#Wrench-head##########################################################################
NPC 0 PORTRAIT 1

#0
NODE req:0 \RWrench-head doesn't know you. Wrench-head is afraid of non-friends. Wrench-head wants you to introduce yourself to Sphere-head!!\_ \!He is in the middle.\_
CHOICE req:0 set:0 goto:-1 Hmm...

#1, main quest taken
NODE req:0x01000000 \*A big guy with a wrench-shaped head.\_
CHOICE req:0 set:0 goto:2 \*<Talk>\_
CHOICE req:0 set:0 goto:-1 \*<Walk away>\_

#2
NODE req:1F \RHello, Wrench-head is happy to meet our new friend! Wrench-head asks our new friend for help, because even though Wrench-head knows about wrenches, Wrench-head doesn't really understand nuclear fission, or how to power nuclear reactors with \!uranium\_\R. But Wrench-head has a hazmat suit for you! The \!uranium\_\R is inside the room forward. Wrench-head would like our new friend to get the \!uranium\_\R and bring it to the reactor together with the other parts.\_
CHOICE req:0 set:0 goto:-1 I don't think I really want to handle uranium at the moment, I'm sorry.
CHOICE req:0 set:0x01020000 goto:3 \!I always did want to build a nuclear reactor of my own!\_ Give me that suit.
#flag 2: uranium quest taken

#3
NODE req:1F \*The gate in front of you opens.\_
CHOICE req:0 set:0x071F0120 goto:-1 \*<Continue>\_
#open uranium door

#4, uranium quest taken
NODE req:0x02000000 \RWrench-head still waits for you to bring his \!uranium\_\R.\_
CHOICE req:0 set:0 goto:-1 I am on it.
CHOICE req:0x05000000 set:0 goto:5 Here, I have your uranium. \*<Give uranium>\_
#uranium found

#5
NODE req:0x1F \RWrench-head proud of friend! \!Uranium\_\R provide much calories... whoops, I mean energy.\_
CHOICE req:0 set:0x01080000 goto:-1 Ummm, ok?..
#flag 8: uranium quest completed

#6, uranium quest completed
NODE req:0x08000000 \RWrench-head is very happy that you were able to get the \!uranium\_\R, but Wrench-head expects you to continue helping his friends with their tasks.\_
CHOICE req:0 set:0 goto:-1 \*<Continue>\_

#Brittle-bolt##########################################################################
NPC 2 PORTRAIT 2

#0
NODE req:0 \RH-llo, wh-r YOU? TALGHHK s-s-s-sph-ERE.\_
CHOICE req:0 set:0 goto:-1 Hmm...

#1, main quest taken
NODE req:0x01000000 \*A tinny little rover robot that seems to have its speech speakers broken.\_
CHOICE req:0 set:0 goto:2 \*<Talk>\_
CHOICE req:0 set:0 goto:-1 \*<Walk away>\_

#2
NODE req:0x1F \RH-llo, I eed \!wire\_\R, mu-chch \!wire\_\R. COULD... ge-t wire?\_
CHOICE req:0 set:0 goto:-1 Uhhhh, I'm sorry buddy, I think I have more prior tasks than you...
CHOICE req:0 set:0x01030000 goto:3 Sure thing fella. I don't exactly know what "much" is, but I'll grab a bunch.
#flag 3: wire quest taken

#3
NODE req:0x1F \*The gate in front of you opens.\_
CHOICE req:0 set:0x073C0F20 goto:-1 \*<Continue>\_
#open wire door

#4, wire quest taken
NODE req:0x03000000 \RWree... wiiiiiRe... \!WIREE...\_
CHOICE req:0 set:0 goto:-1 I am on it.
CHOICE req:0x06000000 set:0 goto:5 Here is your wire, poor robot. \*<Give wire>\_
#wire found

#5
NODE req:0x1F \*ohhhh blip blop\_ \RWe hold your contributions in the highest regard and are profoundly grateful for your commendable efforts. My colleagues and I are fully prepared to furnish all requisite materials and accolades in recognition of your invaluable assistance. For the present moment, please proceed with your esteemed tasks.\_
CHOICE req:0 set:0x01090000 goto:-1 Wow. Well, you are welcome.
#flag 9: wire quest completed

#6, wire quest completed
NODE req:0x09000000 \RNow I am able to talk properly again thanks to your help, and I am very grateful for it. But it seems like you are obligated to proceed with your esteemed tasks.\_
CHOICE req:0 set:0 goto:-1 \*<Continue>\_

#Boom-Bot##########################################################################

NPC 3 PORTRAIT 3

#0
NODE req:0 \RI don't think I know you, I suggest you talking to the sphere first.\_
CHOICE req:0 set:0 goto:-1 Hmm...

#1, main quest taken
NODE req:0x01000000 \*A boombox-shaped robot lays in front of you. It's not playing music.\_
CHOICE req:0 set:0 goto:2 \*<Talk>\_
CHOICE req:0 set:0 goto:-1 \*<Walk away>\_

#2
NODE req:1F \RAhh, hello friend... Existence has been quite dull and empty recently without my jams. I already got the parts needed for the machine years ago, though I would like a favor. Inside the room behind me are my music tapes and some extra batteries, if you could grab them I could use that bit of energy left to listen to some of my music and hopefully brighten the atmosphere before the generator is finished.\_
CHOICE req:0 set:0 goto:-1 Uhhh, sounds awful. Give me one sec though.
CHOICE req:0 set:0x01040000 goto:3 Sure buddy, life without music sounds terrible, I'll help you out.
#flag 4: music quest taken

#3
NODE req:1F \RYipee! They're in the middle of the room. Though please, don't touch or snoop around anywhere else, this is my personal room.\_ \*The gate in front of you opens.\_
CHOICE req:0 set:0x071E1D20 goto:-1 \*<Continue>\_
#open music door

#4, music quest taken
NODE req:0x04000000 \RFriend, have you found my tapes yet?..\_
CHOICE req:0 set:0 goto:-1 I am on it.
CHOICE req:0x07000000 set:0 goto:5 Here are your music tapes. Play something cheerful please. \*<Give tapes>\_
#music found

#5
NODE req:0x1F \ROh, you really did it! Thank you so much friend! Now, let me enjoy my last few minutes of music...\_ \*Beerebbeb berebebbeb berebbeb berebebbeb...\_
CHOICE req:0 set:0x010A0000 goto:-1 Well enough.
#flag 10: music quest completed

#6, music quest completed
NODE req:0x0A000000 \ROur town is definitely more pleasant now! Thank you friend. But you should continue with your tasks, we are counting on you!\_
CHOICE req:0 set:0 goto:-1 \*<Continue>\_

GRID
           . .      ..#-#%%....O....%%%%#=*  ..           .  .  
.      .                #####=+&+=######      .            .  ..
 .   .                             I               .           .
 .                                        .           .        .
            .                        .                        . 
              .  .            . .                  .       .   .
   .   .                         .              .    .         %
         . . .     .      .                                   ##
 .              .       .                                    -#%
.  .  .        . .        .       .            .             :+%
###                     .    :.   #       .  .    .           #%
...#        .                +#===#:               . .        #%
######                  .   .=#  .#::     .                  ##%
.....-###            #########*   #=#: .      ..            ||#.
######=+& @            . ||.   $$$ . ||   .                 +...
......###          I  %#%#.    $$$  ||:          .          &O..
%+####                   %#=##:   .####+  .      .       I  +...
...#         . .   .         #: .%#                         ||..
..#                 .        #===#-               ..         ##%
###      .      . .    .     #   #-                    .      #%
       .  ...   .            #  .#-        .      .           ##
  .       .  .         ..           .     .          .  .      #
    .                                           .        .      
                    . ..                   .        .        .  
.     .         . .    .   . .  .      .                        
    .  ..   .        .  .   .                   .               
 . .   .   .     .   .                  .                   .   
           .                              .  .                  
   .       .             I                                  .   
   .    .                .#=-+&+-=##                            
.    .  .          . ######%..O...%%######        .             
    .. .       ####%%%%%%..............%%###       .      .     
